#                 Statistics Report
#  Circuit name                                  b05
#  Fault model                                   SAF
#  Pattern type                                BASIC
#  -------------------------------------------------
#  Fault classes                             #faults
#  ----------------------------  -------------------
#    FU (full)                                  1695
#    FU (collapsed)                             1038
#    --------------------------  -------------------
#    UD (undetected)                               0
#    PT (possibly testable)                        0
#    AU (atpg untestable)                        973
#    RE (redundant)                                0
#    AB (atpg abort)                               0
#    TO (timeout)                                  0
#    TI (tied)                                     2
#    TI (scan async control)                       2
#    --------------------------  -------------------
#    DT (detected)                               720
#  -------------------------------------------------
#  Coverage                               percentage
#    --------------------------  -------------------
#    fault coverage (scan protocol)           42.53%
#    fault coverage (scan, collapsed)         48.94%
#    test coverage (scan protocol)            100.3%
#    --------------------------  -------------------
#    fault coverage (raw, appendix)           42.48%
#    test coverage (raw, appendix)              100%
#    atpg effectiveness (appendix)                100%
#  -------------------------------------------------
#  #Patterns                                      62
#  -------------------------------------------------
#  ATPG runtime                              6.047 s
#  -------------------------------------------------
