#                 Statistics Report
#  Circuit name                                s5378
#  Fault model                                   SAF
#  Pattern type                                BASIC
#  -------------------------------------------------
#  Fault classes                             #faults
#  ----------------------------  -------------------
#    FU (full)                                 16300
#    FU (collapsed)                            10313
#    --------------------------  -------------------
#    UD (undetected)                             356
#    PT (possibly testable)                        0
#    AU (atpg untestable)                        243
#    RE (redundant)                                0
#    AB (atpg abort)                               5
#    TO (timeout)                                  0
#    TI (tied)                                     0
#    TI (scan async control)                       0
#    --------------------------  -------------------
#    DT (detected)                             15696
#  -------------------------------------------------
#  Coverage                               percentage
#    --------------------------  -------------------
#    fault coverage (scan protocol)           96.29%
#    fault coverage (scan, collapsed)         95.13%
#    test coverage (scan protocol)            97.75%
#    --------------------------  -------------------
#    fault coverage (raw, appendix)           96.29%
#    test coverage (raw, appendix)            97.75%
#    atpg effectiveness (appendix)              97.79%
#  -------------------------------------------------
#  #Patterns                                    1906
#  -------------------------------------------------
#  ATPG runtime                              4.063 s
#  -------------------------------------------------
