#                 Statistics Report
#  Circuit name                                s5378
#  Fault model                                   SAF
#  Pattern type                                BASIC
#  -------------------------------------------------
#  Fault classes                             #faults
#  ----------------------------  -------------------
#    FU (full)                                   248
#    FU (collapsed)                              146
#    --------------------------  -------------------
#    UD (undetected)                               0
#    PT (possibly testable)                        0
#    AU (atpg untestable)                        184
#    RE (redundant)                                0
#    AB (atpg abort)                               4
#    TO (timeout)                                  0
#    TI (tied)                                     0
#    TI (scan async control)                       0
#    --------------------------  -------------------
#    DT (detected)                                60
#  -------------------------------------------------
#  Coverage                               percentage
#    --------------------------  -------------------
#    fault coverage (scan protocol)           24.19%
#    fault coverage (scan, collapsed)         26.03%
#    test coverage (scan protocol)            93.75%
#    --------------------------  -------------------
#    fault coverage (raw, appendix)           24.19%
#    test coverage (raw, appendix)            93.75%
#    atpg effectiveness (appendix)              98.39%
#  -------------------------------------------------
#  #Patterns                                      37
#  -------------------------------------------------
#  ATPG runtime                              1.833 s
#  -------------------------------------------------
