#                 Statistics Report
#  Circuit name                                  b13
#  Fault model                                   SAF
#  Pattern type                                BASIC
#  -------------------------------------------------
#  Fault classes                             #faults
#  ----------------------------  -------------------
#    FU (full)                                  2476
#    FU (collapsed)                             2079
#    --------------------------  -------------------
#    UD (undetected)                             178
#    PT (possibly testable)                        0
#    AU (atpg untestable)                        124
#    RE (redundant)                                0
#    AB (atpg abort)                               0
#    TO (timeout)                                  0
#    TI (tied)                                     2
#    TI (scan async control)                       2
#    --------------------------  -------------------
#    DT (detected)                              2172
#  -------------------------------------------------
#  Coverage                               percentage
#    --------------------------  -------------------
#    fault coverage (scan protocol)           87.79%
#    fault coverage (scan, collapsed)         87.19%
#    test coverage (scan protocol)             92.5%
#    --------------------------  -------------------
#    fault coverage (raw, appendix)           87.72%
#    test coverage (raw, appendix)            92.43%
#    atpg effectiveness (appendix)              92.81%
#  -------------------------------------------------
#  #Patterns                                     340
#  -------------------------------------------------
#  ATPG runtime                            0.01508 s
#  -------------------------------------------------
