#                 Statistics Report
#  Circuit name                                  b13
#  Fault model                                   SAF
#  Pattern type                                BASIC
#  -------------------------------------------------
#  Fault classes                             #faults
#  ----------------------------  -------------------
#    FU (full)                                   126
#    FU (collapsed)                               90
#    --------------------------  -------------------
#    UD (undetected)                               0
#    PT (possibly testable)                        0
#    AU (atpg untestable)                        111
#    RE (redundant)                                0
#    AB (atpg abort)                               0
#    TO (timeout)                                  0
#    TI (tied)                                     2
#    TI (scan async control)                       2
#    --------------------------  -------------------
#    DT (detected)                                13
#  -------------------------------------------------
#  Coverage                               percentage
#    --------------------------  -------------------
#    fault coverage (scan protocol)           10.48%
#    fault coverage (scan, collapsed)         10.23%
#    test coverage (scan protocol)            118.2%
#    --------------------------  -------------------
#    fault coverage (raw, appendix)           10.32%
#    test coverage (raw, appendix)              100%
#    atpg effectiveness (appendix)                100%
#  -------------------------------------------------
#  #Patterns                                       8
#  -------------------------------------------------
#  ATPG runtime                           0.001624 s
#  -------------------------------------------------
