#                 Statistics Report
#  Circuit name                                  b05
#  Fault model                                   SAF
#  Pattern type                                BASIC
#  -------------------------------------------------
#  Fault classes                             #faults
#  ----------------------------  -------------------
#    FU (full)                                  6270
#    FU (collapsed)                             4562
#    --------------------------  -------------------
#    UD (undetected)                             174
#    PT (possibly testable)                        0
#    AU (atpg untestable)                       1685
#    RE (redundant)                                0
#    AB (atpg abort)                               8
#    TO (timeout)                                  0
#    TI (tied)                                     2
#    TI (scan async control)                       2
#    --------------------------  -------------------
#    DT (detected)                              4401
#  -------------------------------------------------
#  Coverage                               percentage
#    --------------------------  -------------------
#    fault coverage (scan protocol)           70.21%
#    fault coverage (scan, collapsed)         73.46%
#    test coverage (scan protocol)            96.07%
#    --------------------------  -------------------
#    fault coverage (raw, appendix)           70.19%
#    test coverage (raw, appendix)            96.03%
#    atpg effectiveness (appendix)               97.1%
#  -------------------------------------------------
#  #Patterns                                     291
#  -------------------------------------------------
#  ATPG runtime                              1.729 s
#  -------------------------------------------------
