#                 Statistics Report
#  Circuit name                                  b13
#  Fault model                                   SAF
#  Pattern type                                BASIC
#  -------------------------------------------------
#  Fault classes                             #faults
#  ----------------------------  -------------------
#    FU (full)                                   126
#    FU (collapsed)                               90
#    --------------------------  -------------------
#    UD (undetected)                               0
#    PT (possibly testable)                        0
#    AU (atpg untestable)                        108
#    RE (redundant)                                0
#    AB (atpg abort)                               0
#    TO (timeout)                                  0
#    TI (tied)                                     2
#    TI (scan async control)                       2
#    --------------------------  -------------------
#    DT (detected)                                16
#  -------------------------------------------------
#  Coverage                               percentage
#    --------------------------  -------------------
#    fault coverage (scan protocol)            12.9%
#    fault coverage (scan, collapsed)          12.5%
#    test coverage (scan protocol)            114.3%
#    --------------------------  -------------------
#    fault coverage (raw, appendix)            12.7%
#    test coverage (raw, appendix)              100%
#    atpg effectiveness (appendix)                100%
#  -------------------------------------------------
#  #Patterns                                       4
#  -------------------------------------------------
#  ATPG runtime                           0.001915 s
#  -------------------------------------------------
