#                 Statistics Report
#  Circuit name                                s5378
#  Fault model                                   SAF
#  Pattern type                                BASIC
#  -------------------------------------------------
#  Fault classes                             #faults
#  ----------------------------  -------------------
#    FU (full)                                   188
#    FU (collapsed)                              108
#    --------------------------  -------------------
#    UD (undetected)                               0
#    PT (possibly testable)                        0
#    AU (atpg untestable)                        184
#    RE (redundant)                                0
#    AB (atpg abort)                               4
#    TO (timeout)                                  0
#    TI (tied)                                     0
#    TI (scan async control)                       0
#    --------------------------  -------------------
#    DT (detected)                                 0
#  -------------------------------------------------
#  Coverage                               percentage
#    --------------------------  -------------------
#    fault coverage (scan protocol)               0%
#    fault coverage (scan, collapsed)             0%
#    test coverage (scan protocol)                0%
#    --------------------------  -------------------
#    fault coverage (raw, appendix)               0%
#    test coverage (raw, appendix)                0%
#    atpg effectiveness (appendix)              97.87%
#  -------------------------------------------------
#  #Patterns                                       0
#  -------------------------------------------------
#  ATPG runtime                              3.366 s
#  -------------------------------------------------
