#                 Statistics Report
#  Circuit name                               s38417
#  Fault model                                   SAF
#  Pattern type                                BASIC
#  -------------------------------------------------
#  Fault classes                             #faults
#  ----------------------------  -------------------
#    FU (full)                                128316
#    FU (collapsed)                            82818
#    --------------------------  -------------------
#    UD (undetected)                            3270
#    PT (possibly testable)                        0
#    AU (atpg untestable)                       1051
#    RE (redundant)                                0
#    AB (atpg abort)                              24
#    TO (timeout)                                  4
#    TI (tied)                                     0
#    TI (scan async control)                       0
#    --------------------------  -------------------
#    DT (detected)                            123967
#  -------------------------------------------------
#  Coverage                               percentage
#    --------------------------  -------------------
#    fault coverage (scan protocol)           96.61%
#    fault coverage (scan, collapsed)         95.22%
#    test coverage (scan protocol)            97.41%
#    --------------------------  -------------------
#    fault coverage (raw, appendix)           96.61%
#    test coverage (raw, appendix)            97.41%
#    atpg effectiveness (appendix)              97.43%
#  -------------------------------------------------
#  #Patterns                                   12289
#  -------------------------------------------------
#  ATPG runtime                              93.46 s
#  -------------------------------------------------
