#                 Statistics Report
#  Circuit name                                  b05
#  Fault model                                   SAF
#  Pattern type                                BASIC
#  -------------------------------------------------
#  Fault classes                             #faults
#  ----------------------------  -------------------
#    FU (full)                                   975
#    FU (collapsed)                              531
#    --------------------------  -------------------
#    UD (undetected)                               0
#    PT (possibly testable)                        0
#    AU (atpg untestable)                        281
#    RE (redundant)                                0
#    AB (atpg abort)                               0
#    TO (timeout)                                  0
#    TI (tied)                                     2
#    TI (scan async control)                       2
#    --------------------------  -------------------
#    DT (detected)                               692
#  -------------------------------------------------
#  Coverage                               percentage
#    --------------------------  -------------------
#    fault coverage (scan protocol)           71.12%
#    fault coverage (scan, collapsed)         71.46%
#    test coverage (scan protocol)            100.3%
#    --------------------------  -------------------
#    fault coverage (raw, appendix)           70.97%
#    test coverage (raw, appendix)              100%
#    atpg effectiveness (appendix)                100%
#  -------------------------------------------------
#  #Patterns                                     264
#  -------------------------------------------------
#  ATPG runtime                              3.879 s
#  -------------------------------------------------
