#                 Statistics Report
#  Circuit name                                  s27
#  Fault model                                   SAF
#  Pattern type                                BASIC
#  -------------------------------------------------
#  Fault classes                             #faults
#  ----------------------------  -------------------
#    FU (full)                                   106
#    FU (collapsed)                               86
#    --------------------------  -------------------
#    UD (undetected)                               6
#    PT (possibly testable)                        0
#    AU (atpg untestable)                         16
#    RE (redundant)                                0
#    AB (atpg abort)                               0
#    TI (tied)                                     0
#    --------------------------  -------------------
#    DT (detected)                                84
#  -------------------------------------------------
#  Coverage                               percentage
#    --------------------------  -------------------
#    test coverage                            93.33%
#    fault coverage                           79.25%
#    atpg effectiveness                       94.34%
#  -------------------------------------------------
#  #Patterns                                       0
#  -------------------------------------------------
#  ATPG runtime                           0.005581 s
#  -------------------------------------------------
