#                 Statistics Report
#  Circuit name                                  s27
#  Fault model                                   SAF
#  Pattern type                                BASIC
#  -------------------------------------------------
#  Fault classes                             #faults
#  ----------------------------  -------------------
#    FU (full)                                    94
#    FU (collapsed)                               74
#    --------------------------  -------------------
#    UD (undetected)                               2
#    PT (possibly testable)                        0
#    AU (atpg untestable)                         55
#    RE (redundant)                                0
#    AB (atpg abort)                               0
#    TI (tied)                                     0
#    --------------------------  -------------------
#    DT (detected)                                37
#  -------------------------------------------------
#  Coverage                               percentage
#    --------------------------  -------------------
#    test coverage                            94.87%
#    fault coverage                           39.36%
#    atpg effectiveness                       97.87%
#  -------------------------------------------------
#  #Patterns                                       5
#  -------------------------------------------------
#  ATPG runtime                           0.000127 s
#  -------------------------------------------------
